
> vue-app@0.0.0 build
> vite build

[36mvite v7.3.1 [32mbuilding client environment for production...[36m[39m
transforming...
[32m??[39m 44 modules transformed.
node.exe : [31m??[39m Build failed in 510ms
位於 線路:1 字元:1
+ & "C:\Program Files\nodejs/node.exe" "C:\Program Files\no
dejs/node_mo ...
+ ~~~~~~~~~~~~~~~~~~~~~~~~~~~~~~~~~~~~~~~~~~~~~~~~~~~~~~~~~
~~~~~~~~~~~~
    + CategoryInfo          : NotSpecified: ([31m??    [39
m Build failed in 510ms:String) [], RemoteExc    eption
    + FullyQualifiedErrorId : NativeCommandError
 
[31merror during build:
[31msrc/services/ai.js (239:38): Unexpected character '??
[31m
file: [36mC:/Users/User/Desktop/?箸?梯??賊 - ?圾??src/servi
ces/ai.js:239:38[31m
[33m
237:  */
238: export async function generateQuestionsFromText(title,
 article, tags) {
239:     const questionLevelInstruction = `???? PISA 撅斗活閬
???
                                           ^
240:     - 蝚?1 憿?** ?瑕??炎蝝?**????交?箸?蝣箄??胯?憒??
???銝餉??函洵鈭挾?∪?鈭?暻潸?????獢???冽?蝡葉?湔?怎??曉??
241:     - 蝚?2 憿?** 蝯望?圾??畾菔銝餅) **???飛蝝挾?賡?暺
?憒??洵銝挾?蜓閬摰寧雿??????潭??鞊∴?銝??膩雿迤蝣綽???
[31m
    at getRollupError (file:///C:/Users/User/Desktop/%E6%99
%BA%E6%85%A7%E9%96%B1%E8%AE%80%E6%9B%B8%E9%99%A2%20-%20%E6%
9C%89%E8%A7%A3%E6%9E%90/node_modules/rollup/dist/es/shared/
parseAst.js:402:41)
    at ParseError.initialise (file:///C:/Users/User/Desktop
/%E6%99%BA%E6%85%A7%E9%96%B1%E8%AE%80%E6%9B%B8%E9%99%A2%20-
%20%E6%9C%89%E8%A7%A3%E6%9E%90/node_modules/rollup/dist/es/
shared/node-entry.js:14465:28)
    at convertNode (file:///C:/Users/User/Desktop/%E6%99%BA
%E6%85%A7%E9%96%B1%E8%AE%80%E6%9B%B8%E9%99%A2%20-%20%E6%9C%
89%E8%A7%A3%E6%9E%90/node_modules/rollup/dist/es/shared/nod
e-entry.js:16437:10)
    at convertProgram (file:///C:/Users/User/Desktop/%E6%99
%BA%E6%85%A7%E9%96%B1%E8%AE%80%E6%9B%B8%E9%99%A2%20-%20%E6%
9C%89%E8%A7%A3%E6%9E%90/node_modules/rollup/dist/es/shared/
node-entry.js:15677:12)
    at Module.setSource (file:///C:/Users/User/Desktop/%E6%
99%BA%E6%85%A7%E9%96%B1%E8%AE%80%E6%9B%B8%E9%99%A2%20-%20%E
6%9C%89%E8%A7%A3%E6%9E%90/node_modules/rollup/dist/es/share
d/node-entry.js:17392:24)
    at async ModuleLoader.addModuleSource (file:///C:/Users
/User/Desktop/%E6%99%BA%E6%85%A7%E9%96%B1%E8%AE%80%E6%9B%B8
%E9%99%A2%20-%20%E6%9C%89%E8%A7%A3%E6%9E%90/node_modules/ro
llup/dist/es/shared/node-entry.js:21497:13)[39m
